// Jest Snapshot v1, https://goo.gl/fbAQLP

exports[`sand.jison sand.jison has the same conflicts 1`] = `""`;

exports[`sand.jison sand.jison has the same number of each type of conflict 1`] = `
Object {
  "reduceReduce": 0,
  "reduceShift": 0,
  "total": 0,
}
`;
